<a a="{{a}}" b="a{{b}}"></a>
<a class="a b {{c}} {{d}} e"></a>
<a a="{{#if active}}{{a}}{{/if}"></a>
<a a="{{#unless active}}{{a}}{{/unless}"></a>
<a a="{{#if active}}{{a}}{{/if}" b="{{b}}" c="c{{c}}"></a>
<a a="{{#unless active}}{{a}}{{/unless}" b="{{b}}" c="c{{c}}"></a>
<img src="/images/{{imagePath}}">
